{
'desktop:app/test/unit/commit-identity-test.ts':[
11,
28,
37,
],
'desktop:app/test/unit/diff-parser-test.ts':[
216,
223,
253,
260,
267,
303,
310,
317,
],
'desktop:app/test/unit/git-store-test.ts':[
111,
112,
115,
126,
128,
],
'desktop:app/test/unit/git/checkout-test.ts':[
23,
],
'desktop:app/test/unit/git/commit-test.ts':[
81,
174,
214,
286,
320,
],
'desktop:app/test/unit/git/diff-test.ts':[
87,
88,
],
'desktop:app/test/unit/git/for-each-ref-test.ts':[
26,
34,
42,
60,
74,
],
'desktop:app/test/unit/git/remote-test.ts':[
56,
],
'desktop:app/test/unit/git/status-test.ts':[
79,
],
'desktop:app/test/unit/progress/clone-test.ts':[
12,
16,
20,
24,
],
'desktop:app/test/unit/progress/git-test.ts':[
148,
],
'desktop:app/test/unit/welcome-test.ts':[
16,
21,
26,
31,
],
}
