{
'rxjs:spec/Notification-spec.ts':[
10,
22,
26,
33,
37,
44,
48,
113,
127,
141,
160,
175,
190,
206,
222,
236,
255,
270,
285,
],
'rxjs:spec/Observable-spec.ts':[
86,
137,
168,
184,
187,
200,
201,
223,
227,
244,
248,
266,
294,
323,
324,
328,
352,
353,
379,
380,
381,
427,
452,
537,
538,
584,
608,
627,
638,
642,
683,
708,
731,
752,
766,
778,
792,
806,
858,
],
'rxjs:spec/Scheduler-spec.ts':[
18,
19,
33,
34,
44,
48,
],
'rxjs:spec/Subject-spec.ts':[
350,
354,
396,
400,
483,
484,
547,
550,
],
'rxjs:spec/Subscriber-spec.ts':[
29,
30,
65,
84,
97,
98,
],
'rxjs:spec/Subscription-spec.ts':[
58,
],
'rxjs:spec/observables/IteratorObservable-spec.ts':[
12,
78,
109,
],
'rxjs:spec/observables/ScalarObservable-spec.ts':[
30,
35,
],
'rxjs:spec/observables/bindCallback-spec.ts':[
113,
114,
115,
],
'rxjs:spec/observables/bindNodeCallback-spec.ts':[
136,
137,
138,
],
'rxjs:spec/observables/concat-spec.ts':[
364,
369,
],
'rxjs:spec/observables/dom/ajax-spec.ts':[
42,
57,
83,
100,
231,
233,
264,
296,
494,
521,
548,
584,
617,
651,
680,
],
'rxjs:spec/observables/dom/webSocket-spec.ts':[
50,
73,
109,
146,
149,
163,
245,
520,
],
'rxjs:spec/observables/from-promise-spec.ts':[
152,
153,
154,
],
'rxjs:spec/observables/fromEvent-spec.ts':[
222,
],
'rxjs:spec/observables/fromEventPattern-spec.ts':[
34,
44,
52,
],
'rxjs:spec/observables/merge-spec.ts':[
283,
288,
],
'rxjs:spec/observables/of-spec.ts':[
40,
45,
50,
55,
60,
81,
92,
],
'rxjs:spec/observables/pairs-spec.ts':[
34,
],
'rxjs:spec/observables/range-spec.ts':[
53,
70,
93,
94,
114,
],
'rxjs:spec/operators/bufferWhen-spec.ts':[
315,
],
'rxjs:spec/operators/delayWhen-spec.ts':[
228,
229,
],
'rxjs:spec/operators/do-spec.ts':[
102,
115,
127,
],
'rxjs:spec/operators/finally-spec.ts':[
21,
39,
52,
92,
103,
114,
127,
140,
153,
167,
],
'rxjs:spec/operators/groupBy-spec.ts':[
225,
1418,
],
'rxjs:spec/operators/mergeMap-spec.ts':[
750,
766,
],
'rxjs:spec/operators/mergeMapTo-spec.ts':[
441,
457,
],
'rxjs:spec/operators/onErrorResumeNext-spec.ts':[
122,
],
'rxjs:spec/operators/publish-spec.ts':[
29,
30,
31,
32,
],
'rxjs:spec/operators/publishBehavior-spec.ts':[
29,
30,
31,
32,
],
'rxjs:spec/operators/publishLast-spec.ts':[
29,
30,
31,
32,
],
'rxjs:spec/operators/publishReplay-spec.ts':[
29,
30,
31,
32,
],
'rxjs:spec/operators/race-spec.ts':[
177,
188,
189,
199,
200,
210,
211,
213,
],
'rxjs:spec/operators/reduce-spec.ts':[
82,
94,
],
'rxjs:spec/operators/refCount-spec.ts':[
69,
89,
],
'rxjs:spec/operators/retry-spec.ts':[
48,
72,
97,
],
'rxjs:spec/operators/scan-spec.ts':[
224,
],
'rxjs:spec/operators/shareReplay-spec.ts':[
31,
],
'rxjs:spec/operators/switch-spec.ts':[
224,
],
'rxjs:spec/operators/take-spec.ts':[
138,
140,
158,
],
'rxjs:spec/operators/toPromise-spec.ts':[
35,
],
'rxjs:spec/schedulers/AnimationFrameScheduler-spec.ts':[
10,
20,
22,
24,
66,
],
'rxjs:spec/schedulers/AsapScheduler-spec.ts':[
10,
20,
22,
24,
66,
],
'rxjs:spec/schedulers/QueueScheduler-spec.ts':[
17,
19,
21,
42,
47,
69,
70,
71,
72,
],
'rxjs:spec/schedulers/TestScheduler-spec.ts':[
18,
118,
150,
168,
174,
181,
192,
224,
],
'rxjs:spec/schedulers/VirtualTimeScheduler-spec.ts':[
10,
],
'rxjs:spec/symbol/iterator-spec.ts':[
6,
],
'rxjs:spec/util/FastMap-spec.ts':[
38,
],
'rxjs:spec/util/Immediate-spec.ts':[
46,
47,
76,
114,
211,
212,
213,
214,
215,
232,
233,
234,
235,
236,
253,
254,
255,
256,
257,
274,
275,
276,
277,
278,
295,
296,
297,
298,
299,
312,
330,
368,
384,
420,
421,
439,
440,
459,
472,
489,
499,
520,
537,
549,
591,
595,
651,
684,
],
'rxjs:spec/util/Set-spec.ts':[
32,
33,
37,
38,
45,
46,
50,
51,
52,
53,
57,
],
'rxjs:spec/util/subscribeToResult-spec.ts':[
17,
29,
],
'rxjs:spec/util/toSubscriber-spec.ts':[
11,
12,
25,
26,
],
}
