{
'js-project:angular-1.0.3.js':[
6828,
6832,
],
'js-project:es5-shim-2.0.5.js':[
470,
],
'js-project:yui-3.7.3/array-extras/array-extras.js':[
296,
],
'js-project:yui-3.7.3/yui-core/yui-core.js':[
2439,
2440,
],
}
