{
'js-project:babylon/test/expressions/esprima/expression-additive/migrated_0000/actual.js':[
1,
],
'js-project:babylon/test/expressions/esprima/expression-additive/migrated_0001/actual.js':[
1,
],
'js-project:babylon/test/expressions/esprima/expression-additive/migrated_0002/actual.js':[
1,
],
'js-project:babylon/test/expressions/esprima/expression-binary-bitwise/migrated_0000/actual.js':[
1,
],
'js-project:babylon/test/expressions/esprima/expression-binary-bitwise/migrated_0001/actual.js':[
1,
],
'js-project:babylon/test/expressions/esprima/expression-binary-bitwise/migrated_0002/actual.js':[
1,
],
'js-project:babylon/test/expressions/esprima/expression-binary-logical/migrated_0000/actual.js':[
1,
],
'js-project:babylon/test/expressions/esprima/expression-binary-logical/migrated_0001/actual.js':[
1,
],
'js-project:babylon/test/expressions/esprima/expression-binary-logical/migrated_0002/actual.js':[
1,
],
'js-project:babylon/test/expressions/esprima/expression-binary-logical/migrated_0003/actual.js':[
1,
],
'js-project:babylon/test/expressions/esprima/expression-binary-logical/migrated_0004/actual.js':[
1,
],
'js-project:babylon/test/expressions/esprima/expression-binary-logical/migrated_0005/actual.js':[
1,
],
'js-project:babylon/test/expressions/esprima/expression-binary/migrated_0000/actual.js':[
1,
],
'js-project:babylon/test/expressions/esprima/expression-binary/migrated_0001/actual.js':[
1,
],
'js-project:babylon/test/expressions/esprima/expression-binary/migrated_0002/actual.js':[
1,
],
'js-project:babylon/test/expressions/esprima/expression-binary/migrated_0003/actual.js':[
1,
],
'js-project:babylon/test/expressions/esprima/expression-binary/migrated_0004/actual.js':[
1,
],
'js-project:babylon/test/expressions/esprima/expression-binary/migrated_0005/actual.js':[
1,
],
'js-project:babylon/test/expressions/esprima/expression-binary/migrated_0006/actual.js':[
1,
],
'js-project:babylon/test/expressions/esprima/expression-binary/migrated_0007/actual.js':[
1,
],
'js-project:babylon/test/expressions/esprima/expression-binary/migrated_0008/actual.js':[
1,
],
'js-project:babylon/test/expressions/esprima/expression-binary/migrated_0009/actual.js':[
1,
],
'js-project:babylon/test/expressions/esprima/expression-binary/migrated_0010/actual.js':[
1,
],
'js-project:babylon/test/expressions/esprima/expression-binary/migrated_0011/actual.js':[
1,
],
'js-project:babylon/test/expressions/esprima/expression-binary/migrated_0012/actual.js':[
1,
],
'js-project:babylon/test/expressions/esprima/expression-binary/migrated_0013/actual.js':[
1,
],
'js-project:babylon/test/expressions/esprima/expression-binary/migrated_0014/actual.js':[
1,
],
'js-project:babylon/test/expressions/esprima/expression-binary/migrated_0015/actual.js':[
1,
],
'js-project:babylon/test/expressions/esprima/expression-binary/migrated_0016/actual.js':[
1,
],
'js-project:babylon/test/expressions/esprima/expression-binary/migrated_0017/actual.js':[
1,
],
'js-project:babylon/test/expressions/esprima/expression-bitwise-shift/migrated_0000/actual.js':[
1,
],
'js-project:babylon/test/expressions/esprima/expression-bitwise-shift/migrated_0001/actual.js':[
1,
],
'js-project:babylon/test/expressions/esprima/expression-bitwise-shift/migrated_0002/actual.js':[
1,
],
'js-project:babylon/test/expressions/esprima/expression-complex/migrated_0000/actual.js':[
1,
],
'js-project:babylon/test/expressions/esprima/expression-conditional/migrated_0000/actual.js':[
1,
],
'js-project:babylon/test/expressions/esprima/expression-conditional/migrated_0001/actual.js':[
1,
],
'js-project:babylon/test/expressions/esprima/expression-equality/migrated_0000/actual.js':[
1,
],
'js-project:babylon/test/expressions/esprima/expression-equality/migrated_0001/actual.js':[
1,
],
'js-project:babylon/test/expressions/esprima/expression-equality/migrated_0002/actual.js':[
1,
],
'js-project:babylon/test/expressions/esprima/expression-equality/migrated_0003/actual.js':[
1,
],
'js-project:babylon/test/expressions/esprima/expression-grouping/migrated_0000/actual.js':[
1,
],
'js-project:babylon/test/expressions/esprima/expression-grouping/migrated_0001/actual.js':[
1,
],
'js-project:babylon/test/expressions/esprima/expression-left-hand-side/migrated_0010/actual.js':[
1,
],
'js-project:babylon/test/expressions/esprima/expression-left-hand-side/migrated_0011/actual.js':[
1,
],
'js-project:babylon/test/expressions/esprima/expression-left-hand-side/migrated_0012/actual.js':[
1,
],
'js-project:babylon/test/expressions/esprima/expression-left-hand-side/migrated_0013/actual.js':[
1,
],
'js-project:babylon/test/expressions/esprima/expression-left-hand-side/migrated_0014/actual.js':[
1,
],
'js-project:babylon/test/expressions/esprima/expression-left-hand-side/migrated_0015/actual.js':[
1,
],
'js-project:babylon/test/expressions/esprima/expression-left-hand-side/migrated_0016/actual.js':[
1,
],
'js-project:babylon/test/expressions/esprima/expression-left-hand-side/migrated_0017/actual.js':[
1,
],
'js-project:babylon/test/expressions/esprima/expression-left-hand-side/migrated_0019/actual.js':[
1,
],
'js-project:babylon/test/expressions/esprima/expression-left-hand-side/migrated_0020/actual.js':[
1,
],
'js-project:babylon/test/expressions/esprima/expression-left-hand-side/migrated_0021/actual.js':[
1,
],
'js-project:babylon/test/expressions/esprima/expression-left-hand-side/migrated_0022/actual.js':[
1,
],
'js-project:babylon/test/expressions/esprima/expression-multiplicative/migrated_0000/actual.js':[
1,
],
'js-project:babylon/test/expressions/esprima/expression-multiplicative/migrated_0001/actual.js':[
1,
],
'js-project:babylon/test/expressions/esprima/expression-multiplicative/migrated_0002/actual.js':[
1,
],
'js-project:babylon/test/expressions/esprima/expression-relational/migrated_0000/actual.js':[
1,
],
'js-project:babylon/test/expressions/esprima/expression-relational/migrated_0001/actual.js':[
1,
],
'js-project:babylon/test/expressions/esprima/expression-relational/migrated_0002/actual.js':[
1,
],
'js-project:babylon/test/expressions/esprima/expression-relational/migrated_0003/actual.js':[
1,
],
'js-project:babylon/test/expressions/esprima/expression-relational/migrated_0004/actual.js':[
1,
],
'js-project:babylon/test/expressions/esprima/expression-relational/migrated_0005/actual.js':[
1,
],
'js-project:babylon/test/expressions/esprima/expression-relational/migrated_0006/actual.js':[
1,
],
'js-project:babylon/test/expressions/esprima/expression-unary/migrated_0006/actual.js':[
1,
],
'js-project:babylon/test/expressions/esprima/expression-unary/migrated_0007/actual.js':[
1,
],
'js-project:babylon/test/expressions/esprima/expression-unary/migrated_0008/actual.js':[
1,
],
'js-project:babylon/test/expressions/esprima/expression-unary/migrated_0009/actual.js':[
1,
],
'js-project:babylon/test/expressions/esprima/expression-unary/migrated_0012/actual.js':[
1,
],
'js-project:babylon/test/expressions/is-expression-babylon/pass/1/actual.js':[
1,
],
'js-project:babylon/test/expressions/is-expression-babylon/pass/3/actual.js':[
1,
],
'js-project:babylon/test/expressions/is-expression-babylon/pass/4/actual.js':[
2,
],
'js-project:babylon/test/expressions/is-expression-babylon/pass/5/actual.js':[
1,
],
'js-project:ecmascript6/Ghost/core/client/tests/acceptance/authentication-test.js':[
156,
],
'js-project:ecmascript6/Ghost/core/client/tests/acceptance/password-reset-test.js':[
44,
50,
66,
72,
88,
94,
],
'js-project:ecmascript6/Ghost/core/client/tests/acceptance/posts/post-test.js':[
49,
],
'js-project:ecmascript6/Ghost/core/client/tests/acceptance/settings/tags-test.js':[
104,
114,
132,
153,
170,
199,
217,
248,
],
'js-project:ecmascript6/Ghost/core/client/tests/acceptance/setup-test.js':[
90,
92,
94,
113,
146,
155,
205,
226,
312,
318,
326,
332,
341,
347,
365,
371,
],
'js-project:ecmascript6/Ghost/core/client/tests/acceptance/team-test.js':[
101,
156,
157,
173,
259,
267,
295,
303,
311,
319,
],
'js-project:ecmascript6/Ghost/core/client/tests/integration/adapters/tag-test.js':[
41,
57,
],
'js-project:ecmascript6/Ghost/core/client/tests/integration/adapters/user-test.js':[
41,
57,
79,
],
'js-project:ecmascript6/Ghost/core/client/tests/integration/components/gh-alert-test.js':[
34,
37,
40,
43,
],
'js-project:ecmascript6/Ghost/core/client/tests/integration/components/gh-cm-editor-test.js':[
25,
32,
39,
],
'js-project:ecmascript6/Ghost/core/client/tests/integration/components/gh-navitem-test.js':[
33,
107,
108,
110,
],
'js-project:ecmascript6/Ghost/core/client/tests/integration/components/gh-navitem-url-input-test.js':[
36,
196,
201,
],
'js-project:ecmascript6/Ghost/core/client/tests/integration/components/gh-notification-test.js':[
24,
35,
38,
41,
],
'js-project:ecmascript6/Ghost/core/client/tests/integration/components/gh-profile-image-test.js':[
46,
],
'js-project:ecmascript6/Ghost/core/client/tests/integration/components/gh-tag-settings-form-test.js':[
91,
92,
98,
99,
105,
106,
201,
205,
209,
212,
216,
288,
293,
],
'js-project:ecmascript6/Ghost/core/client/tests/integration/components/gh-validation-status-container-test.js':[
33,
34,
45,
46,
58,
59,
],
'js-project:ecmascript6/Ghost/core/client/tests/integration/services/ajax-test.js':[
84,
],
'js-project:ecmascript6/Ghost/core/client/tests/unit/components/gh-alert-test.js':[
30,
],
'js-project:ecmascript6/Ghost/core/client/tests/unit/components/gh-navitem-url-input-test.js':[
30,
36,
],
'js-project:ecmascript6/Ghost/core/client/tests/unit/components/gh-notification-test.js':[
30,
45,
],
'js-project:ecmascript6/Ghost/core/client/tests/unit/components/gh-trim-focus-input_test.js':[
33,
44,
],
'js-project:ecmascript6/Ghost/core/client/tests/unit/controllers/post-settings-menu-test.js':[
281,
286,
305,
306,
325,
343,
362,
363,
382,
450,
],
'js-project:ecmascript6/Ghost/core/client/tests/unit/controllers/settings/general-test.js':[
24,
29,
43,
50,
83,
86,
89,
],
'js-project:ecmascript6/Ghost/core/client/tests/unit/controllers/settings/navigation-test.js':[
43,
49,
76,
81,
82,
103,
127,
176,
179,
],
'js-project:ecmascript6/Ghost/core/client/tests/unit/helpers/is-equal-test.js':[
16,
],
'js-project:ecmascript6/Ghost/core/client/tests/unit/helpers/is-not-test.js':[
16,
],
'js-project:ecmascript6/Ghost/core/client/tests/unit/mixins/infinite-scroll-test.js':[
16,
],
'js-project:ecmascript6/Ghost/core/client/tests/unit/models/post-test.js':[
26,
27,
32,
33,
45,
50,
78,
79,
80,
],
'js-project:ecmascript6/Ghost/core/client/tests/unit/models/user-test.js':[
28,
32,
36,
39,
47,
50,
53,
56,
64,
67,
70,
96,
97,
98,
99,
109,
110,
111,
112,
122,
123,
124,
125,
135,
136,
137,
138,
],
'js-project:ecmascript6/Ghost/core/client/tests/unit/services/config-test.js':[
21,
],
'js-project:ecmascript6/Ghost/core/client/tests/unit/services/notifications-test.js':[
315,
316,
382,
383,
384,
],
'js-project:ecmascript6/Ghost/core/client/tests/unit/validators/nav-item-test.js':[
15,
28,
38,
51,
97,
98,
99,
],
'js-project:ecmascript6/Ghost/core/client/tests/unit/validators/tag-settings-test.js':[
70,
97,
117,
139,
156,
178,
195,
223,
242,
264,
283,
305,
],
'js-project:ecmascript6/Ghost/core/test/functional/module/module_spec.js':[
46,
47,
48,
],
'js-project:ecmascript6/Ghost/core/test/functional/routes/api/error_spec.js':[
41,
43,
],
'js-project:ecmascript6/Ghost/core/test/functional/routes/api/notifications_spec.js':[
52,
88,
108,
],
'js-project:ecmascript6/Ghost/core/test/functional/routes/api/posts_spec.js':[
48,
72,
96,
118,
140,
162,
187,
188,
191,
194,
195,
196,
216,
217,
220,
223,
224,
244,
245,
247,
249,
251,
270,
271,
273,
275,
277,
296,
297,
299,
318,
319,
338,
339,
358,
359,
388,
394,
414,
415,
421,
441,
442,
445,
446,
449,
476,
493,
522,
567,
605,
606,
622,
623,
643,
644,
661,
662,
681,
698,
745,
776,
793,
794,
818,
834,
857,
858,
879,
880,
904,
920,
921,
1002,
1003,
1006,
1023,
1024,
1040,
],
'js-project:ecmascript6/Ghost/core/test/functional/routes/api/public_api_spec.js':[
62,
86,
110,
131,
153,
175,
176,
195,
196,
215,
216,
235,
236,
],
'js-project:ecmascript6/Ghost/core/test/functional/routes/api/settings_spec.js':[
47,
68,
69,
73,
91,
92,
116,
117,
132,
152,
182,
199,
],
'js-project:ecmascript6/Ghost/core/test/functional/routes/api/slugs_spec.js':[
46,
47,
69,
70,
92,
93,
115,
116,
137,
],
'js-project:ecmascript6/Ghost/core/test/functional/routes/api/tags_spec.js':[
46,
47,
50,
],
'js-project:ecmascript6/Ghost/core/test/functional/routes/api/users_spec.js':[
46,
52,
53,
54,
73,
95,
119,
141,
163,
185,
207,
230,
255,
280,
281,
300,
301,
321,
341,
],
'js-project:ecmascript6/Ghost/core/test/integration/api/advanced_browse_spec.js':[
90,
162,
820,
836,
852,
868,
],
'js-project:ecmascript6/Ghost/core/test/integration/api/api_authentication_spec.js':[
62,
139,
180,
209,
242,
275,
],
'js-project:ecmascript6/Ghost/core/test/integration/api/api_db_spec.js':[
24,
43,
],
'js-project:ecmascript6/Ghost/core/test/integration/api/api_notifications_spec.js':[
31,
52,
74,
],
'js-project:ecmascript6/Ghost/core/test/integration/api/api_posts_spec.js':[
286,
297,
298,
309,
310,
321,
322,
334,
495,
496,
506,
524,
526,
538,
],
'js-project:ecmascript6/Ghost/core/test/integration/api/api_users_spec.js':[
240,
303,
518,
707,
854,
],
'js-project:ecmascript6/Ghost/core/test/integration/model/model_apps_spec.js':[
79,
],
'js-project:ecmascript6/Ghost/core/test/integration/model/model_permissions_spec.js':[
80,
],
'js-project:ecmascript6/Ghost/core/test/integration/model/model_posts_spec.js':[
45,
47,
48,
52,
53,
54,
249,
346,
347,
348,
368,
369,
370,
390,
391,
392,
413,
414,
415,
423,
424,
446,
447,
448,
449,
458,
459,
460,
461,
481,
482,
483,
484,
492,
493,
494,
599,
600,
611,
612,
613,
631,
632,
633,
664,
665,
671,
672,
704,
719,
720,
734,
735,
768,
769,
776,
777,
789,
790,
829,
830,
831,
841,
867,
868,
878,
895,
904,
905,
906,
916,
940,
941,
951,
],
'js-project:ecmascript6/Ghost/core/test/integration/model/model_roles_spec.js':[
81,
],
'js-project:ecmascript6/Ghost/core/test/integration/model/model_settings_spec.js':[
83,
84,
85,
125,
126,
128,
129,
148,
149,
150,
166,
],
'js-project:ecmascript6/Ghost/core/test/integration/model/model_users_spec.js':[
290,
349,
350,
374,
375,
376,
397,
398,
399,
422,
423,
429,
430,
452,
453,
459,
460,
461,
479,
481,
482,
483,
511,
512,
517,
519,
520,
],
'js-project:ecmascript6/Ghost/core/test/integration/update_check_spec.js':[
36,
37,
39,
40,
43,
44,
],
'js-project:ecmascript6/Ghost/core/test/unit/api_utils_spec.js':[
76,
77,
96,
97,
259,
270,
271,
274,
326,
339,
378,
382,
386,
392,
393,
397,
398,
402,
409,
410,
411,
419,
420,
],
'js-project:ecmascript6/Ghost/core/test/unit/config_spec.js':[
568,
569,
570,
611,
624,
637,
650,
663,
676,
689,
702,
716,
730,
744,
756,
777,
804,
817,
830,
857,
867,
869,
879,
881,
893,
895,
907,
909,
920,
],
'js-project:ecmascript6/Ghost/core/test/unit/controllers/frontend/error_spec.js':[
29,
30,
38,
40,
],
'js-project:ecmascript6/Ghost/core/test/unit/controllers/frontend/fetch-data_spec.js':[
45,
46,
60,
61,
87,
115,
145,
161,
162,
177,
178,
],
'js-project:ecmascript6/Ghost/core/test/unit/controllers/frontend/index_spec.js':[
379,
388,
396,
408,
409,
418,
419,
453,
462,
476,
477,
503,
515,
524,
533,
545,
546,
555,
556,
570,
571,
597,
610,
619,
628,
638,
650,
651,
660,
661,
699,
708,
717,
727,
740,
741,
750,
751,
801,
817,
832,
847,
867,
868,
896,
1083,
1084,
1092,
],
'js-project:ecmascript6/Ghost/core/test/unit/controllers/frontend/templates_spec.js':[
78,
87,
96,
105,
117,
134,
152,
158,
170,
],
'js-project:ecmascript6/Ghost/core/test/unit/error_handling_spec.js':[
70,
83,
96,
112,
143,
144,
153,
154,
164,
176,
177,
189,
190,
202,
203,
213,
214,
224,
225,
237,
238,
248,
249,
303,
304,
305,
307,
308,
],
'js-project:ecmascript6/Ghost/core/test/unit/importer_spec.js':[
102,
103,
115,
116,
138,
139,
140,
141,
142,
143,
144,
147,
162,
168,
174,
225,
226,
227,
228,
261,
262,
295,
296,
297,
298,
299,
376,
377,
396,
397,
416,
417,
438,
439,
469,
587,
659,
660,
711,
712,
],
'js-project:ecmascript6/Ghost/core/test/unit/mail_spec.js':[
50,
58,
108,
],
'js-project:ecmascript6/Ghost/core/test/unit/middleware/auth-strategies_spec.js':[
67,
68,
69,
81,
82,
83,
84,
93,
94,
95,
96,
108,
109,
110,
111,
142,
143,
144,
145,
146,
148,
157,
158,
159,
160,
161,
174,
175,
176,
177,
178,
179,
188,
189,
190,
191,
192,
],
'js-project:ecmascript6/Ghost/core/test/unit/middleware/authentication_spec.js':[
107,
108,
126,
146,
147,
158,
159,
180,
200,
222,
233,
234,
245,
246,
266,
284,
303,
322,
342,
343,
366,
367,
392,
413,
414,
433,
434,
455,
456,
477,
478,
500,
501,
523,
524,
537,
538,
],
'js-project:ecmascript6/Ghost/core/test/unit/middleware/cache-control_spec.js':[
26,
35,
47,
57,
61,
68,
86,
],
'js-project:ecmascript6/Ghost/core/test/unit/middleware/check-ssl_spec.js':[
32,
33,
41,
42,
50,
51,
61,
62,
75,
76,
92,
97,
113,
118,
137,
142,
157,
162,
178,
183,
203,
],
'js-project:ecmascript6/Ghost/core/test/unit/middleware/oauth_spec.js':[
70,
179,
],
'js-project:ecmascript6/Ghost/core/test/unit/middleware/private-blogging_spec.js':[
38,
52,
53,
68,
81,
90,
113,
119,
125,
132,
138,
144,
150,
156,
167,
168,
174,
196,
211,
227,
240,
250,
251,
263,
],
'js-project:ecmascript6/Ghost/core/test/unit/middleware/redirect-to-setup_spec.js':[
33,
34,
50,
51,
67,
68,
],
'js-project:ecmascript6/Ghost/core/test/unit/middleware/serve-shared-file_spec.js':[
25,
32,
50,
51,
53,
54,
55,
56,
58,
76,
77,
79,
80,
81,
82,
100,
101,
103,
],
'js-project:ecmascript6/Ghost/core/test/unit/middleware/spam-prevention_spec.js':[
46,
56,
67,
83,
94,
121,
132,
150,
176,
],
'js-project:ecmascript6/Ghost/core/test/unit/middleware/static-theme_spec.js':[
24,
33,
42,
61,
62,
63,
64,
84,
],
'js-project:ecmascript6/Ghost/core/test/unit/middleware/theme-handler_spec.js':[
42,
43,
44,
46,
60,
61,
62,
77,
78,
79,
92,
103,
109,
119,
129,
146,
163,
183,
184,
206,
207,
208,
209,
],
'js-project:ecmascript6/Ghost/core/test/unit/middleware/uncapitalise_spec.js':[
32,
46,
47,
48,
58,
72,
73,
74,
84,
98,
99,
100,
],
'js-project:ecmascript6/Ghost/core/test/unit/models_plugins/access-rules_spec.js':[
29,
38,
42,
46,
50,
],
'js-project:ecmascript6/Ghost/core/test/unit/models_plugins/filter_spec.js':[
37,
38,
42,
43,
56,
73,
75,
85,
86,
88,
98,
99,
101,
109,
111,
119,
121,
133,
134,
135,
137,
152,
153,
154,
157,
184,
185,
193,
203,
204,
217,
244,
245,
246,
247,
257,
258,
259,
260,
269,
270,
271,
272,
281,
282,
283,
284,
293,
294,
295,
296,
310,
311,
312,
313,
327,
328,
329,
330,
344,
345,
346,
347,
359,
360,
361,
362,
372,
373,
374,
375,
389,
390,
391,
394,
414,
415,
416,
420,
440,
441,
442,
445,
465,
466,
467,
470,
492,
493,
494,
501,
528,
529,
530,
533,
557,
558,
559,
563,
591,
],
'js-project:ecmascript6/Ghost/core/test/unit/models_plugins/pagination_spec.js':[
164,
165,
166,
172,
214,
231,
232,
234,
235,
237,
238,
240,
241,
243,
244,
246,
247,
269,
270,
272,
273,
275,
276,
277,
279,
280,
282,
283,
285,
286,
308,
309,
311,
312,
314,
315,
316,
318,
319,
321,
322,
324,
325,
336,
337,
351,
352,
366,
],
'js-project:ecmascript6/Ghost/core/test/unit/permissions_spec.js':[
171,
182,
211,
222,
233,
239,
272,
],
'js-project:ecmascript6/Ghost/core/test/unit/rss_spec.js':[
83,
286,
287,
306,
307,
308,
324,
325,
326,
421,
422,
438,
439,
],
'js-project:ecmascript6/Ghost/core/test/unit/server_helpers/foreach_spec.js':[
60,
65,
85,
90,
111,
116,
153,
158,
188,
193,
230,
235,
257,
258,
259,
],
'js-project:ecmascript6/Ghost/core/test/unit/server_helpers/get_spec.js':[
69,
73,
85,
86,
87,
88,
102,
114,
118,
130,
134,
146,
150,
162,
166,
177,
181,
192,
196,
207,
211,
223,
224,
240,
241,
256,
257,
271,
272,
],
'js-project:ecmascript6/Ghost/core/test/unit/server_helpers/has_spec.js':[
30,
31,
43,
44,
56,
57,
69,
70,
82,
83,
95,
96,
108,
109,
121,
122,
134,
135,
147,
148,
160,
161,
173,
174,
186,
187,
],
'js-project:ecmascript6/Ghost/core/test/unit/server_helpers/is_spec.js':[
33,
34,
47,
48,
61,
62,
76,
77,
78,
],
'js-project:ecmascript6/Ghost/core/test/unit/server_helpers/next_post_spec.js':[
51,
52,
54,
85,
86,
110,
111,
112,
145,
146,
],
'js-project:ecmascript6/Ghost/core/test/unit/server_helpers/prev_post_spec.js':[
51,
52,
54,
87,
88,
112,
113,
114,
144,
145,
],
'js-project:ecmascript6/Ghost/core/test/unit/storage_local-file-store_spec.js':[
75,
84,
],
'js-project:ecmascript6/Ghost/core/test/unit/utils_pipeline_spec.js':[
60,
75,
94,
96,
97,
98,
99,
118,
120,
121,
122,
123,
],
'js-project:ecmascript6/Ghost/core/test/unit/xmlrpc_spec.js':[
41,
42,
],
'js-project:ecmascript6/di.js/visualize/lib/angular.js':[
6748,
8404,
],
'js-project:ecmascript6/di.js/visualize/lib/d3.v3.js':[
13,
141,
212,
954,
1011,
1109,
1109,
1408,
1439,
1854,
1914,
1942,
1997,
2300,
2324,
2360,
2368,
2422,
2423,
2469,
2475,
2483,
2494,
2525,
2537,
2538,
2595,
2842,
2970,
2994,
2996,
3076,
3171,
3204,
3349,
3353,
3567,
3772,
3840,
3928,
3929,
3930,
3931,
3936,
3937,
3938,
3939,
3948,
3953,
4002,
4007,
4046,
4055,
4489,
4490,
4898,
4907,
5006,
5009,
5045,
5084,
5090,
5158,
5328,
5347,
5348,
5358,
5359,
5542,
5544,
5565,
5567,
5846,
5859,
6890,
6891,
7654,
7655,
7749,
7750,
7751,
7752,
7753,
7754,
8559,
8567,
8569,
8570,
8571,
8576,
8578,
8579,
8580,
8586,
8587,
8589,
8590,
8594,
8595,
8597,
8598,
8605,
8716,
9180,
9199,
],
'js-project:ecmascript6/ecmascript6-today/2-const.js':[
5,
9,
13,
17,
],
'js-project:ecmascript6/http/lib/gulp/karma/index.js':[
6,
],
'js-project:ecmascript6/router/third_party/brick/brick-1.0.1.byob.js':[
2915,
],
'js-project:ecmascript6/snoode/test/models/base.js':[
101,
104,
],
'js-project:ecmascript6/sonar-web/tests/apps/background-tasks-test.js':[
57,
86,
88,
109,
115,
122,
124,
157,
159,
179,
],
'js-project:ecmascript6/sonar-web/tests/apps/overview/components/legend-test.js':[
17,
24,
],
'js-project:ecmascript6/sonar-web/tests/apps/overview/helpers/periods-test.js':[
32,
50,
],
'js-project:ecmascript6/sonar-web/tests/apps/overview/main/coverage-test.js':[
55,
],
'js-project:ecmascript6/sonar-web/tests/apps/overview/overview-test.js':[
20,
],
'js-project:ecmascript6/sonar-web/tests/apps/permission-templates-test.js':[
19,
39,
40,
49,
82,
83,
92,
],
'js-project:ecmascript6/sonar-web/tests/apps/projects-test.js':[
20,
],
'js-project:ecmascript6/sonar-web/tests/apps/system-test.js':[
84,
],
'js-project:ecmascript6/sonar-web/tests/components/charts/bubble-chart-test.js':[
27,
37,
],
'js-project:ecmascript6/sonar-web/tests/components/issue-test.js':[
53,
],
'js-project:ecmascript6/sonar-web/tests/helpers/measures-test.js':[
150,
223,
],
'js-project:ecmascript6/watchtower.js/lib/gulp/karma/index.js':[
6,
],
'js-project:frameworks/wordpress/customize-widgets.js':[
1931,
],
'js-project:frameworks/wordpress/image-edit.js':[
215,
],
'js-project:frameworks/wordpress/inline-edit-tax.js':[
56,
],
'js-project:frameworks/wordpress/nav-menu.js':[
323,
464,
471,
478,
485,
],
'js-project:frameworks/wordpress/updates.js':[
404,
497,
],
'js-project:frameworks/wordpress/widgets.js':[
43,
],
'js-project:google-closure-library/array/array.js':[
45,
],
'js-project:google-closure-library/base.js':[
354,
362,
374,
1187,
1197,
1306,
],
'js-project:google-closure-library/datasource/expr.js':[
335,
],
'js-project:google-closure-library/datasource/jsdatasource.js':[
60,
],
'js-project:google-closure-library/datasource/jsxmlhttpdatasource.js':[
79,
88,
],
'js-project:google-closure-library/date/datelike.js':[
27,
],
'js-project:google-closure-library/date/relative.js':[
59,
67,
75,
],
'js-project:google-closure-library/debug/debug.js':[
492,
],
'js-project:google-closure-library/debug/entrypointregistry.js':[
47,
66,
],
'js-project:google-closure-library/debug/errorreporter.js':[
134,
],
'js-project:google-closure-library/debug/logbuffer.js':[
71,
79,
87,
],
'js-project:google-closure-library/debug/logger.js':[
115,
],
'js-project:google-closure-library/debug/logrecord.js':[
49,
57,
65,
73,
],
'js-project:google-closure-library/debug/tracer.js':[
223,
256,
],
'js-project:google-closure-library/demos/autocompleteremotedata.js':[
17,
],
'js-project:google-closure-library/demos/autocompleterichremotedata.js':[
17,
],
'js-project:google-closure-library/demos/editor/helloworlddialog.js':[
72,
119,
],
'js-project:google-closure-library/disposable/disposable.js':[
101,
109,
117,
],
'js-project:google-closure-library/disposable/idisposable.js':[
39,
45,
],
'js-project:google-closure-library/dom/dom.js':[
108,
2084,
],
'js-project:google-closure-library/dom/pattern/childmatches.js':[
53,
71,
],
'js-project:google-closure-library/dom/pattern/matcher.js':[
61,
71,
],
'js-project:google-closure-library/dom/pattern/repeat.js':[
57,
101,
],
'js-project:google-closure-library/dom/pattern/sequence.js':[
51,
],
'js-project:google-closure-library/dom/pattern/tag.js':[
69,
78,
],
'js-project:google-closure-library/dom/pattern/text.js':[
49,
],
'js-project:google-closure-library/dom/tagiterator.js':[
137,
144,
151,
],
'js-project:google-closure-library/editor/field.js':[
328,
336,
346,
],
'js-project:google-closure-library/editor/plugin.js':[
200,
256,
266,
275,
285,
309,
378,
386,
402,
416,
429,
],
'js-project:google-closure-library/editor/plugins/abstractbubbleplugin.js':[
143,
],
'js-project:google-closure-library/editor/plugins/abstractdialogplugin.js':[
281,
289,
314,
],
'js-project:google-closure-library/editor/plugins/basictextformatter.js':[
456,
1596,
],
'js-project:google-closure-library/editor/plugins/equationeditorplugin.js':[
43,
57,
],
'js-project:google-closure-library/editor/plugins/linkdialogplugin.js':[
70,
78,
],
'js-project:google-closure-library/editor/plugins/undoredo.js':[
104,
113,
694,
702,
711,
720,
],
'js-project:google-closure-library/editor/seamlessfield.js':[
77,
85,
],
'js-project:google-closure-library/editor/table.js':[
470,
],
'js-project:google-closure-library/events/browserevent.js':[
110,
216,
],
'js-project:google-closure-library/events/listener.js':[
62,
69,
76,
83,
90,
97,
104,
133,
],
'js-project:google-closure-library/events/mousewheelhandler.js':[
99,
107,
],
'js-project:google-closure-library/events/onlinehandler.js':[
101,
109,
117,
],
'js-project:google-closure-library/events/pastehandler.js':[
198,
],
'js-project:google-closure-library/fs/fs.js':[
132,
],
'js-project:google-closure-library/fx/abstractdragdrop.js':[
120,
128,
136,
144,
152,
160,
168,
],
'js-project:google-closure-library/fx/anim/anim.js':[
41,
],
'js-project:google-closure-library/fx/css3/transition.js':[
109,
],
'js-project:google-closure-library/fx/dom.js':[
74,
91,
],
'js-project:google-closure-library/fx/dragger.js':[
106,
113,
120,
128,
195,
236,
244,
252,
],
'js-project:google-closure-library/fx/draglistgroup.js':[
155,
164,
173,
182,
194,
203,
214,
225,
236,
245,
254,
],
'js-project:google-closure-library/fx/transition.js':[
69,
75,
],
'js-project:google-closure-library/gears/database.js':[
113,
],
'js-project:google-closure-library/gears/managedresourcestore.js':[
110,
118,
128,
136,
144,
],
'js-project:google-closure-library/gears/multipartformdata.js':[
72,
80,
],
'js-project:google-closure-library/gears/workerchannel.js':[
84,
],
'js-project:google-closure-library/graphics/canvaselement.js':[
378,
],
'js-project:google-closure-library/graphics/ext/element.js':[
62,
70,
78,
111,
119,
],
'js-project:google-closure-library/graphics/ext/graphics.js':[
70,
],
'js-project:google-closure-library/graphics/ext/group.js':[
114,
],
'js-project:google-closure-library/graphics/ext/shape.js':[
65,
81,
],
'js-project:google-closure-library/graphics/svggraphics.js':[
128,
830,
],
'js-project:google-closure-library/graphics/vmlgraphics.js':[
210,
],
'js-project:google-closure-library/i18n/datetimeparse.js':[
893,
900,
907,
914,
921,
928,
935,
942,
949,
956,
963,
],
'js-project:google-closure-library/i18n/timezone.js':[
50,
58,
69,
82,
],
'js-project:google-closure-library/iter/iter.js':[
36,
],
'js-project:google-closure-library/json/json.js':[
116,
],
'js-project:google-closure-library/labs/async/result/simpleresult.js':[
60,
68,
],
'js-project:google-closure-library/labs/net/xhr.js':[
72,
79,
],
'js-project:google-closure-library/labs/observe/observer.js':[
41,
49,
],
'js-project:google-closure-library/labs/structs/map.js':[
65,
74,
83,
],
'js-project:google-closure-library/labs/structs/map_perf.js':[
37,
43,
],
'js-project:google-closure-library/labs/structs/multimap.js':[
46,
],
'js-project:google-closure-library/math/matrix.js':[
182,
190,
],
'js-project:google-closure-library/messaging/abstractchannel.js':[
61,
],
'js-project:google-closure-library/messaging/bufferedchannel.js':[
206,
],
'js-project:google-closure-library/messaging/multichannel.js':[
200,
],
'js-project:google-closure-library/net/browserchannel.js':[
352,
],
'js-project:google-closure-library/net/filedownloader.js':[
642,
650,
657,
],
'js-project:google-closure-library/net/iframeio.js':[
233,
487,
],
'js-project:google-closure-library/net/jsloader.js':[
64,
],
'js-project:google-closure-library/net/xmlhttp.js':[
115,
181,
],
'js-project:google-closure-library/net/xpc/iframerelaytransport.js':[
169,
],
'js-project:google-closure-library/proto2/descriptor.js':[
32,
],
'js-project:google-closure-library/proto2/fielddescriptor.js':[
64,
67,
70,
],
'js-project:google-closure-library/proto2/package_test.pb.js':[
45,
],
'js-project:google-closure-library/proto2/test.pb.js':[
47,
2338,
2460,
2531,
],
'js-project:google-closure-library/proto2/textformatserializer.js':[
393,
],
'js-project:google-closure-library/pubsub/pubsub.js':[
66,
85,
94,
],
'js-project:google-closure-library/spell/spellcheck.js':[
123,
],
'js-project:google-closure-library/storage/mechanism/html5webstorage.js':[
52,
],
'js-project:google-closure-library/structs/collection.js':[
35,
41,
48,
54,
],
'js-project:google-closure-library/structs/inversionmap.js':[
55,
],
'js-project:google-closure-library/structs/linkedmap.js':[
454,
461,
],
'js-project:google-closure-library/structs/prioritypool.js':[
59,
],
'js-project:google-closure-library/style/transition.js':[
42,
111,
],
'js-project:google-closure-library/testing/asserts.js':[
26,
],
'js-project:google-closure-library/testing/asynctestcase.js':[
128,
199,
206,
214,
222,
238,
254,
271,
],
'js-project:google-closure-library/testing/continuationtestcase.js':[
659,
],
'js-project:google-closure-library/testing/expectedfailures.js':[
90,
98,
106,
],
'js-project:google-closure-library/testing/fs/blob.js':[
49,
56,
],
'js-project:google-closure-library/testing/fs/filereader.js':[
57,
73,
108,
],
'js-project:google-closure-library/testing/fs/filewriter.js':[
74,
],
'js-project:google-closure-library/testing/mock.js':[
86,
93,
100,
123,
224,
242,
],
'js-project:google-closure-library/testing/mockmatchers.js':[
259,
],
'js-project:google-closure-library/testing/mockrandom.js':[
65,
],
'js-project:google-closure-library/testing/mockuseragent.js':[
73,
],
'js-project:google-closure-library/testing/net/xhrio.js':[
148,
172,
180,
188,
],
'js-project:google-closure-library/testing/objectpropertystring.js':[
44,
51,
],
'js-project:google-closure-library/testing/pseudorandom.js':[
111,
119,
],
'js-project:google-closure-library/testing/stacktrace.js':[
384,
],
'js-project:google-closure-library/testing/testcase.js':[
217,
],
'js-project:google-closure-library/testing/ui/rendererharness.js':[
88,
96,
],
'js-project:google-closure-library/tweak/entries.js':[
183,
352,
359,
474,
493,
500,
507,
514,
521,
598,
617,
624,
631,
638,
645,
735,
742,
749,
756,
763,
],
'js-project:google-closure-library/tweak/tweak.js':[
90,
],
'js-project:google-closure-library/tweak/tweakui.js':[
54,
402,
409,
417,
],
'js-project:google-closure-library/ui/abstractspellchecker.js':[
141,
150,
159,
168,
188,
214,
223,
250,
259,
268,
295,
],
'js-project:google-closure-library/ui/ac/inputhandler.js':[
235,
243,
251,
259,
267,
],
'js-project:google-closure-library/ui/ac/renderer.js':[
227,
237,
245,
],
'js-project:google-closure-library/ui/ac/renderoptions.js':[
48,
],
'js-project:google-closure-library/ui/activitymonitor.js':[
111,
119,
],
'js-project:google-closure-library/ui/advancedtooltip.js':[
76,
85,
94,
],
'js-project:google-closure-library/ui/button.js':[
69,
77,
],
'js-project:google-closure-library/ui/combobox.js':[
87,
95,
],
'js-project:google-closure-library/ui/component.js':[
337,
365,
],
'js-project:google-closure-library/ui/container.js':[
847,
857,
],
'js-project:google-closure-library/ui/control.js':[
138,
213,
],
'js-project:google-closure-library/ui/controlcontent.js':[
28,
],
'js-project:google-closure-library/ui/controlrenderer.js':[
156,
],
'js-project:google-closure-library/ui/cookieeditor.js':[
48,
56,
64,
72,
80,
],
'js-project:google-closure-library/ui/dialog.js':[
103,
541,
],
'js-project:google-closure-library/ui/dimensionpicker.js':[
94,
],
'js-project:google-closure-library/ui/dragdropdetector.js':[
183,
191,
199,
207,
],
'js-project:google-closure-library/ui/editor/abstractdialog.js':[
279,
287,
295,
304,
315,
433,
],
'js-project:google-closure-library/ui/editor/defaulttoolbar.js':[
876,
],
'js-project:google-closure-library/ui/editor/equationeditordialog.js':[
54,
62,
],
'js-project:google-closure-library/ui/editor/equationeditorokevent.js':[
49,
],
'js-project:google-closure-library/ui/editor/linkdialog.js':[
150,
369,
377,
385,
393,
401,
409,
417,
434,
442,
451,
460,
],
'js-project:google-closure-library/ui/editor/toolbarcontroller.js':[
250,
],
'js-project:google-closure-library/ui/emoji/emojipalette.js':[
127,
],
'js-project:google-closure-library/ui/emoji/emojipicker.js':[
191,
203,
],
'js-project:google-closure-library/ui/emoji/spriteinfo.js':[
70,
78,
86,
94,
102,
110,
118,
],
'js-project:google-closure-library/ui/equation/equationeditordialog.js':[
75,
],
'js-project:google-closure-library/ui/equation/texpane.js':[
121,
129,
137,
145,
],
'js-project:google-closure-library/ui/filteredmenu.js':[
65,
73,
97,
113,
130,
138,
],
'js-project:google-closure-library/ui/hovercard.js':[
150,
158,
],
'js-project:google-closure-library/ui/hsvapalette.js':[
82,
90,
98,
],
'js-project:google-closure-library/ui/hsvpalette.js':[
85,
93,
101,
109,
117,
125,
133,
141,
149,
],
'js-project:google-closure-library/ui/iframemask.js':[
89,
],
'js-project:google-closure-library/ui/imagelessbuttonrenderer.js':[
85,
],
'js-project:google-closure-library/ui/keyboardshortcuthandler.js':[
212,
220,
234,
247,
],
'js-project:google-closure-library/ui/labelinput.js':[
96,
],
'js-project:google-closure-library/ui/media/flashobject.js':[
277,
286,
295,
],
'js-project:google-closure-library/ui/media/media.js':[
141,
],
'js-project:google-closure-library/ui/media/mediamodel.js':[
192,
],
'js-project:google-closure-library/ui/menu.js':[
124,
],
'js-project:google-closure-library/ui/menubutton.js':[
101,
110,
119,
139,
147,
155,
163,
],
'js-project:google-closure-library/ui/menuitem.js':[
68,
],
'js-project:google-closure-library/ui/modalpopup.js':[
122,
130,
138,
146,
],
'js-project:google-closure-library/ui/offlineinstalldialog.js':[
131,
444,
],
'js-project:google-closure-library/ui/plaintextspellchecker.js':[
118,
135,
143,
],
'js-project:google-closure-library/ui/popup.js':[
114,
],
'js-project:google-closure-library/ui/popupbase.js':[
167,
175,
],
'js-project:google-closure-library/ui/richtextspellchecker.js':[
71,
80,
114,
123,
],
'js-project:google-closure-library/ui/roundedpanel.js':[
189,
197,
414,
424,
433,
441,
450,
459,
],
'js-project:google-closure-library/ui/scrollfloater.js':[
115,
141,
],
'js-project:google-closure-library/ui/selectionmenubutton.js':[
92,
],
'js-project:google-closure-library/ui/sliderbase.js':[
135,
143,
151,
159,
167,
175,
183,
191,
199,
],
'js-project:google-closure-library/ui/style/app/buttonrenderer.js':[
86,
],
'js-project:google-closure-library/ui/tab.js':[
66,
],
'js-project:google-closure-library/ui/tabbar.js':[
94,
],
'js-project:google-closure-library/ui/tabpane.js':[
109,
117,
125,
],
'js-project:google-closure-library/ui/textarea.js':[
154,
164,
],
'js-project:google-closure-library/ui/tooltip.js':[
142,
160,
171,
204,
212,
222,
232,
],
'js-project:google-closure-library/ui/tree/basenode.js':[
493,
],
'js-project:google-closure-library/ui/tree/typeahead.js':[
44,
],
'js-project:google-closure-library/uri/uri.js':[
151,
],
'js-project:google-closure-library/uri/utils.js':[
515,
539,
],
'js-project:google-closure-library/vec/mat3.js':[
32,
33,
34,
35,
38,
39,
],
'js-project:google-closure-library/vec/mat4.js':[
33,
34,
35,
36,
39,
40,
],
'js-project:google-closure-library/vec/matrix3.js':[
33,
],
'js-project:google-closure-library/vec/matrix4.js':[
35,
],
'js-project:google-closure-library/vec/quaternion.js':[
30,
31,
32,
33,
],
'js-project:google-closure-library/vec/vec.js':[
36,
40,
44,
48,
55,
],
'js-project:google-closure-library/vec/vec2.js':[
26,
27,
28,
29,
],
'js-project:google-closure-library/vec/vec3.js':[
29,
30,
31,
32,
35,
36,
],
'js-project:google-closure-library/vec/vec4.js':[
29,
30,
31,
32,
35,
36,
],
'js-project:jest/packages/jest-cli/src/test_scheduler.js':[
36,
],
'js-project:jest/packages/jest-runner/src/run_test.js':[
32,
],
'js-project:jquery-1.7.2.js':[
2831,
2835,
4582,
4869,
],
'js-project:knockout-2.1.0.debug.js':[
7,
],
'js-project:mootools-core-1.4.5-full-nocompat.js':[
1829,
3376,
],
'js-project:ocanvas-2.2.2.js':[
1458,
3450,
5585,
],
'js-project:paper-0.22.js':[
5100,
7633,
7633,
7633,
7633,
7633,
7633,
7633,
7633,
7633,
7633,
7633,
7633,
7633,
7633,
7633,
7633,
7633,
7633,
7633,
7633,
7633,
7633,
7633,
7633,
7633,
7633,
7633,
7633,
7633,
7633,
7633,
7633,
7633,
7633,
7633,
7633,
7633,
7633,
7633,
7633,
7633,
7633,
7633,
7633,
],
'js-project:prototype-1.7.js':[
563,
2210,
2222,
2345,
4437,
5073,
5769,
],
'js-project:sizzle-1.8.2.js':[
205,
786,
],
'js-project:yui-3.7.3/exec-command/exec-command.js':[
535,
],
'js-project:yui-3.7.3/handlebars-compiler/handlebars-compiler.js':[
443,
],
}
