{
'js-project:open-layers-2.12/OpenLayers/Format/SLD/v1.js':[
784,
],
}
