{
'js-project:yui-3.7.3/event-custom-base/event-custom-base.js':[
181,
],
'js-project:yui-3.7.3/scrollview-base/scrollview-base.js':[
488,
494,
497,
515,
],
}
