{
'js-project:angular-1.0.3.js':[
137,
555,
1656,
2106,
3800,
5960,
5993,
6187,
6209,
6230,
9446,
9470,
9514,
10165,
10169,
],
'js-project:babylon/scripts/run_flow_tests.js':[
33,
48,
],
'js-project:babylon/src/plugins/flow.js':[
1457,
],
'js-project:babylon/src/plugins/typescript.js':[
1969,
],
'js-project:ecmascript6/Ghost/core/client/app/services/notifications.js':[
101,
],
'js-project:ecmascript6/Ghost/core/test/utils/api.js':[
57,
],
'js-project:ecmascript6/di.js/example/angular-loader/traceur.js':[
86,
98,
186,
206,
208,
254,
427,
778,
802,
1758,
5482,
6216,
6222,
6294,
6309,
6319,
6333,
6350,
6372,
6429,
6490,
6507,
6528,
6578,
10364,
12777,
12797,
12825,
12834,
13473,
14586,
14596,
14623,
14640,
14643,
14652,
14682,
14965,
15090,
15098,
15133,
15197,
15214,
15277,
15330,
15405,
15409,
15416,
15461,
15476,
15483,
15507,
15512,
15538,
17289,
17301,
17321,
17328,
17712,
17731,
],
'js-project:ecmascript6/di.js/visualize/lib/angular.js':[
329,
827,
2291,
2842,
6675,
6677,
9944,
9978,
10158,
10192,
10221,
13948,
13992,
14038,
14726,
14730,
20320,
],
'js-project:ecmascript6/ecmascript6-today/7-rest-params/js/rest-spread.js':[
6,
8,
],
'js-project:ecmascript6/router/src/routerConfiguration.js':[
10,
],
'js-project:ecmascript6/router/third_party/brick/brick-1.0.1.byob.js':[
159,
185,
2221,
2367,
2577,
2585,
2665,
],
'js-project:ecmascript6/router/third_party/route-recognizer.js':[
447,
],
'js-project:ecmascript6/sonar-web/src/main/js/helpers/latinize.js':[
353,
355,
],
'js-project:google-closure-library/array/array.js':[
1246,
1305,
],
'js-project:google-closure-library/base.js':[
604,
1241,
],
'js-project:google-closure-library/color/color.js':[
714,
],
'js-project:google-closure-library/cssom/iframe/style.js':[
182,
335,
437,
527,
637,
732,
],
'js-project:google-closure-library/datasource/datamanager.js':[
460,
],
'js-project:google-closure-library/datasource/fastdatanode.js':[
682,
],
'js-project:google-closure-library/debug/debug.js':[
168,
],
'js-project:google-closure-library/debug/debugwindow.js':[
417,
],
'js-project:google-closure-library/debug/entrypointregistry.js':[
113,
132,
154,
],
'js-project:google-closure-library/debug/fancywindow.js':[
86,
143,
168,
191,
298,
],
'js-project:google-closure-library/debug/logger.js':[
321,
],
'js-project:google-closure-library/debug/tracer.js':[
348,
366,
403,
631,
657,
],
'js-project:google-closure-library/dom/classes.js':[
93,
],
'js-project:google-closure-library/dom/forms.js':[
272,
],
'js-project:google-closure-library/editor/field.js':[
1092,
1119,
1144,
1307,
1334,
1355,
],
'js-project:google-closure-library/editor/plugins/basictextformatter.js':[
1150,
1617,
],
'js-project:google-closure-library/editor/plugins/blockquote.js':[
230,
],
'js-project:google-closure-library/editor/plugins/linkbubble.js':[
361,
488,
],
'js-project:google-closure-library/events/eventhandler.js':[
119,
152,
213,
],
'js-project:google-closure-library/events/events.js':[
141,
180,
273,
322,
335,
597,
],
'js-project:google-closure-library/format/format.js':[
156,
],
'js-project:google-closure-library/fs/fs.js':[
171,
],
'js-project:google-closure-library/fx/abstractdragdrop.js':[
869,
],
'js-project:google-closure-library/gears/basestore.js':[
393,
431,
],
'js-project:google-closure-library/gears/logstore.js':[
196,
],
'js-project:google-closure-library/graphics/vmlgraphics.js':[
389,
],
'js-project:google-closure-library/i18n/bidi.js':[
755,
],
'js-project:google-closure-library/i18n/datetimeformat.js':[
224,
],
'js-project:google-closure-library/i18n/messageformat.js':[
231,
509,
],
'js-project:google-closure-library/labs/structs/map.js':[
246,
260,
],
'js-project:google-closure-library/labs/structs/multimap.js':[
270,
273,
],
'js-project:google-closure-library/locale/timezonedetection.js':[
80,
111,
],
'js-project:google-closure-library/math/integer.js':[
317,
],
'js-project:google-closure-library/math/matrix.js':[
120,
124,
],
'js-project:google-closure-library/messaging/bufferedchannel.js':[
272,
],
'js-project:google-closure-library/module/loader.js':[
223,
],
'js-project:google-closure-library/module/moduleinfo.js':[
317,
],
'js-project:google-closure-library/module/moduleloader.js':[
147,
],
'js-project:google-closure-library/module/modulemanager.js':[
481,
638,
648,
769,
1094,
1114,
1119,
1120,
1130,
1132,
1140,
1188,
],
'js-project:google-closure-library/net/browserchannel.js':[
2031,
],
'js-project:google-closure-library/net/bulkloaderhelper.js':[
110,
],
'js-project:google-closure-library/net/channeldebug.js':[
226,
280,
],
'js-project:google-closure-library/net/cookies.js':[
281,
],
'js-project:google-closure-library/net/crossdomainrpc.js':[
249,
263,
],
'js-project:google-closure-library/net/ipaddress.js':[
314,
],
'js-project:google-closure-library/net/jsloader.js':[
98,
],
'js-project:google-closure-library/net/multiiframeloadmonitor.js':[
53,
111,
],
'js-project:google-closure-library/net/xmlhttp.js':[
204,
],
'js-project:google-closure-library/object/object.js':[
528,
],
'js-project:google-closure-library/proto2/descriptor.js':[
81,
],
'js-project:google-closure-library/proto2/message.js':[
329,
394,
404,
444,
462,
],
'js-project:google-closure-library/proto2/objectserializer.js':[
78,
142,
],
'js-project:google-closure-library/proto2/pbliteserializer.js':[
95,
],
'js-project:google-closure-library/string/path.js':[
108,
],
'js-project:google-closure-library/structs/map.js':[
116,
150,
360,
376,
],
'js-project:google-closure-library/structs/set.js':[
182,
],
'js-project:google-closure-library/structs/stringset.js':[
47,
106,
176,
378,
],
'js-project:google-closure-library/testing/asserts.js':[
903,
],
'js-project:google-closure-library/testing/benchmark.js':[
76,
],
'js-project:google-closure-library/testing/loosemock.js':[
150,
192,
225,
227,
],
'js-project:google-closure-library/testing/mock.js':[
542,
],
'js-project:google-closure-library/testing/mockclassfactory.js':[
186,
],
'js-project:google-closure-library/testing/mockclock.js':[
185,
192,
],
'js-project:google-closure-library/testing/multitestrunner.js':[
547,
772,
859,
902,
],
'js-project:google-closure-library/testing/stacktrace.js':[
485,
],
'js-project:google-closure-library/testing/testcase.js':[
723,
],
'js-project:google-closure-library/tweak/entries.js':[
949,
],
'js-project:google-closure-library/ui/ac/inputhandler.js':[
492,
503,
],
'js-project:google-closure-library/ui/ac/richremotearraymatcher.js':[
89,
],
'js-project:google-closure-library/ui/activitymonitor.js':[
80,
],
'js-project:google-closure-library/ui/datepicker.js':[
992,
],
'js-project:google-closure-library/ui/emoji/emojipalette.js':[
183,
],
'js-project:google-closure-library/ui/emoji/emojipicker.js':[
378,
428,
503,
555,
646,
661,
],
'js-project:google-closure-library/ui/equation/palette.js':[
80,
],
'js-project:google-closure-library/ui/gauge.js':[
672,
],
'js-project:google-closure-library/ui/popupmenu.js':[
286,
508,
],
'js-project:google-closure-library/ui/ratings.js':[
191,
],
'js-project:google-closure-library/ui/richtextspellchecker.js':[
322,
],
'js-project:google-closure-library/uri/uri.js':[
1033,
1241,
1266,
1350,
1354,
1467,
],
'js-project:google-closure-library/uri/utils.js':[
594,
],
'js-project:jest/packages/expect/src/jasmine_utils.js':[
67,
219,
],
'js-project:jest/packages/jest-cli/src/reporters/Status.js':[
172,
],
'js-project:jest/packages/jest-jasmine2/src/jasmine/Suite.js':[
159,
174,
],
'js-project:jest/packages/jest-jasmine2/src/jasmine/call_tracker.js':[
61,
],
'js-project:jest/packages/jest-jasmine2/src/jasmine/report_dispatcher.js':[
38,
68,
],
'js-project:jest/packages/jest-mock/src/index.js':[
216,
],
'js-project:jest/packages/jest-repl/src/cli/repl.js':[
57,
],
'js-project:jest/packages/jest-resolve-dependencies/src/index.js':[
26,
],
'js-project:jest/packages/jest-resolve/src/default_resolver.js':[
70,
106,
],
'js-project:jest/packages/jest-runtime/src/index.js':[
171,
],
'js-project:jest/packages/jest-runtime/src/script_transformer.js':[
129,
],
'js-project:jest/packages/pretty-format/src/index.js':[
272,
],
'js-project:jshint-2012.06.15.js':[
4297,
],
'js-project:knockout-2.1.0.debug.js':[
331,
552,
702,
1582,
1783,
2708,
3315,
3319,
3325,
],
'js-project:mootools-core-1.4.5-full-nocompat.js':[
107,
208,
1531,
1535,
3637,
],
'js-project:ocanvas-2.2.2.js':[
673,
1662,
],
'js-project:open-layers-2.12/OpenLayers/Control/GetFeature.js':[
435,
],
'js-project:open-layers-2.12/OpenLayers/Control/Graticule.js':[
237,
297,
334,
],
'js-project:open-layers-2.12/OpenLayers/Control/SelectFeature.js':[
305,
572,
],
'js-project:open-layers-2.12/OpenLayers/Format/ArcXML.js':[
337,
491,
796,
800,
814,
819,
858,
886,
894,
],
'js-project:open-layers-2.12/OpenLayers/Format/CQL.js':[
402,
],
'js-project:open-layers-2.12/OpenLayers/Format/GML.js':[
121,
147,
309,
372,
418,
447,
475,
644,
744,
787,
855,
911,
],
'js-project:open-layers-2.12/OpenLayers/Format/GPX.js':[
254,
],
'js-project:open-layers-2.12/OpenLayers/Format/OSM.js':[
68,
74,
184,
206,
247,
308,
395,
],
'js-project:open-layers-2.12/OpenLayers/Format/WFS.js':[
77,
],
'js-project:open-layers-2.12/OpenLayers/Format/WFSCapabilities/v1_0_0.js':[
85,
],
'js-project:open-layers-2.12/OpenLayers/Format/WMC/v1.js':[
1074,
],
'js-project:open-layers-2.12/OpenLayers/Format/WMSDescribeLayer/v1_1.js':[
60,
],
'js-project:open-layers-2.12/OpenLayers/Format/WMSGetFeatureInfo.js':[
118,
],
'js-project:open-layers-2.12/OpenLayers/Geometry/Collection.js':[
413,
],
'js-project:open-layers-2.12/OpenLayers/Geometry/LineString.js':[
634,
],
'js-project:open-layers-2.12/OpenLayers/Layer/ArcIMS.js':[
279,
],
'js-project:open-layers-2.12/OpenLayers/Layer/Bing.js':[
167,
],
'js-project:open-layers-2.12/OpenLayers/Layer/Vector/RootContainer.js':[
72,
112,
126,
],
'js-project:open-layers-2.12/OpenLayers/Layer/WMTS.js':[
446,
],
'js-project:open-layers-2.12/OpenLayers/Popup/Framed.js':[
140,
],
'js-project:open-layers-2.12/OpenLayers/Renderer/Canvas.js':[
209,
829,
],
'js-project:open-layers-2.12/OpenLayers/Strategy/Cluster.js':[
155,
],
'js-project:open-layers-2.12/OpenLayers/Strategy/Paging.js':[
113,
],
'js-project:open-layers-2.12/Rico/Corner.js':[
65,
91,
],
'js-project:open-layers-2.12/deprecated.js':[
310,
338,
661,
2244,
2844,
],
'js-project:paper-0.22.js':[
3854,
7633,
7633,
],
'js-project:processing-1.3.6.js':[
407,
411,
491,
540,
544,
547,
570,
617,
2643,
4123,
4261,
4269,
4284,
4293,
4302,
4317,
4336,
8560,
],
'js-project:scriptaculous-1.9.0/dragdrop.js':[
844,
],
'js-project:scriptaculous-1.9.0/unittest.js':[
151,
190,
237,
],
'js-project:vuejs/tomato5/src/components/Member.vue':[
147,
],
'js-project:yui-3.7.3/handlebars-compiler/handlebars-compiler.js':[
694,
],
'js-project:yui-3.7.3/test/test.js':[
1161,
1185,
1884,
1927,
1992,
3255,
3287,
3342,
],
}
